Microchip MPLAB XC8 Compiler V1.30 ()

Linker command line:

--edf=C:\Program Files (x86)\Microchip\xc8\v1.30\dat\en_msgs.txt -cs \
  -h+dist/default/production\A1779_Source_Code.X.production.sym \
  --cmf=dist/default/production\A1779_Source_Code.X.production.cmf -z \
  -Q16F1613 -oC:\Users\A15693\AppData\Local\Temp\s1cg.6 \
  -Mdist/default/production/A1779_Source_Code.X.production.map -E1 -ver=XC8 \
  -ASTACK=02044h-020efh -pstack=STACK -ACONST=00h-0FFhx8 -ACODE=00h-07FFh \
  -ASTRCODE=00h-07FFh -AENTRY=00h-0FFhx8 -ASTRING=00h-0FFhx8 \
  -ACOMMON=070h-07Fh -ABANK0=020h-06Fh -ABANK1=0A0h-0EFh \
  -ABANK2=0120h-016Fh -ABIGRAM=02000h-020EFh \
  -ARAM=020h-06Fh,0A0h-0EFh,0120h-016Fh \
  -AABS1=020h-07Fh,0A0h-0EFh,0120h-016Fh -ASFR0=00h-01Fh -ASFR1=080h-09Fh \
  -ASFR2=0100h-011Fh -ASFR3=0180h-01EFh -ASFR4=0200h-026Fh \
  -ASFR5=0280h-02EFh -ASFR6=0300h-036Fh -ASFR7=0380h-03EFh \
  -ASFR8=0400h-046Fh -ASFR9=0480h-04EFh -ASFR10=0500h-056Fh \
  -ASFR11=0580h-05EFh -ASFR12=0600h-066Fh -ASFR13=0680h-06EFh \
  -ASFR14=0700h-076Fh -ASFR15=0780h-07EFh -ASFR16=0800h-086Fh \
  -ASFR17=0880h-08EFh -ASFR18=0900h-096Fh -ASFR19=0980h-09EFh \
  -ASFR20=0A00h-0A6Fh -ASFR21=0A80h-0AEFh -ASFR22=0B00h-0B6Fh \
  -ASFR23=0B80h-0BEFh -ASFR24=0C00h-0C6Fh -ASFR25=0C80h-0CEFh \
  -ASFR26=0D00h-0D6Fh -ASFR27=0D80h-0DEFh -ASFR28=0E00h-0E6Fh \
  -ASFR29=0E80h-0EEFh -ASFR30=0F00h-0F6Fh -ASFR31=0F80h-0FEFh \
  -preset_vec=00h,intentry=04h,init,end_init -ppowerup=CODE -pcinit=CODE \
  -pfunctab=CODE -ACONFIG=08007h-08009h -pconfig=CONFIG -DCONFIG=2 \
  -AIDLOC=08000h-08003h -pidloc=IDLOC -DIDLOC=2 -DCODE=2 -DSTRCODE=2 \
  -DSTRING=2 -DCONST=2 -DENTRY=2 -k \
  C:\Users\A15693\AppData\Local\Temp\s1cg.obj \
  dist/default/production\A1779_Source_Code.X.production.obj 

Object code version is 3.11

Machine type is 16F1613



                Name                               Link     Load   Length Selector   Space Scale
C:\Users\A15693\AppData\Local\Temp\s1cg.obj
                end_init                             79       79        1        8       0
                reset_vec                             0        0        1        0       0
                config                             8007     8007        3    1000E       0
dist/default/production\A1779_Source_Code.X.production.obj
                cinit                                7A       7A        B        8       0
                intentry                              4        4       75        8       0
                text26                              3F5      3F5       23        8       0
                text25                              527      527        6        8       0
                text24                              4ED      4ED        F        8       0
                text22                              24A      24A       61        8       0
                text21                              43A      43A       21        8       0
                text20                              4CE      4CE       10        8       0
                text19                              4FC      4FC        E        8       0
                text18                              4BC      4BC       12        8       0
                text17                              50A      50A        A        8       0
                text16                              521      521        6        8       0
                text15                              1C3      1C3       87        8       0
                text14                              479      479       1C        8       0
                text13                              514      514        7        8       0
                text12                              306      306       45        8       0
                text11                              495      495       15        8       0
                text10                              3CE      3CE       27        8       0
                text9                               38F      38F       3F        8       0
                text8                               52D      52D        5        8       0
                text7                                85       85       B3        8       0
                text6                               138      138       8B        8       0
                text5                               45B      45B       1E        8       0
                text4                               2AB      2AB       5B        8       0
                text3                               4AA      4AA       12        8       0
                text2                               418      418       22        8       0
                text1                               4DE      4DE        F        8       0
                maintext                            34B      34B       44        8       0
                cstackBANK0                          43       43       21       20       1
                cstackCOMMON                         70       70        7       70       1
                clrtext                             51B      51B        6        8       0
                bssBANK0                             20       20       23       20       1
                bssCOMMON                            77       77        3       70       1
                nvCOMMON                             7A       7A        2       70       1

TOTAL           Name                               Link     Load   Length     Space
        CLASS   STACK          

        CLASS   CONST          

        CLASS   CODE           
                end_init                             79       79        1         0
                cinit                                7A       7A        B         0
                intentry                              4        4       75         0
                reset_vec                             0        0        1         0
                text26                              3F5      3F5       23         0
                text25                              527      527        6         0
                text24                              4ED      4ED        F         0
                text22                              24A      24A       61         0
                text21                              43A      43A       21         0
                text20                              4CE      4CE       10         0
                text19                              4FC      4FC        E         0
                text18                              4BC      4BC       12         0
                text17                              50A      50A        A         0
                text16                              521      521        6         0
                text15                              1C3      1C3       87         0
                text14                              479      479       1C         0
                text13                              514      514        7         0
                text12                              306      306       45         0
                text11                              495      495       15         0
                text10                              3CE      3CE       27         0
                text9                               38F      38F       3F         0
                text8                               52D      52D        5         0
                text7                                85       85       B3         0
                text6                               138      138       8B         0
                text5                               45B      45B       1E         0
                text4                               2AB      2AB       5B         0
                text3                               4AA      4AA       12         0
                text2                               418      418       22         0
                text1                               4DE      4DE        F         0
                maintext                            34B      34B       44         0
                clrtext                             51B      51B        6         0

        CLASS   STRCODE        

        CLASS   ENTRY          

        CLASS   STRING         

        CLASS   COMMON         
                cstackCOMMON                         70       70        7         1
                bssCOMMON                            77       77        3         1
                nvCOMMON                             7A       7A        2         1

        CLASS   BANK0          
                cstackBANK0                          43       43       21         1
                bssBANK0                             20       20       23         1

        CLASS   BANK1          

        CLASS   BANK2          

        CLASS   BIGRAM         

        CLASS   RAM            

        CLASS   ABS1           
                abs_s1                               7E       7E        2         1

        CLASS   SFR0           

        CLASS   SFR1           

        CLASS   SFR2           

        CLASS   SFR3           

        CLASS   SFR4           

        CLASS   SFR5           

        CLASS   SFR6           

        CLASS   SFR7           

        CLASS   SFR8           

        CLASS   SFR9           

        CLASS   SFR10          

        CLASS   SFR11          

        CLASS   SFR12          

        CLASS   SFR13          

        CLASS   SFR14          

        CLASS   SFR15          

        CLASS   SFR16          

        CLASS   SFR17          

        CLASS   SFR18          

        CLASS   SFR19          

        CLASS   SFR20          

        CLASS   SFR21          

        CLASS   SFR22          

        CLASS   SFR23          

        CLASS   SFR24          

        CLASS   SFR25          

        CLASS   SFR26          

        CLASS   SFR27          

        CLASS   SFR28          

        CLASS   SFR29          

        CLASS   SFR30          

        CLASS   SFR31          

        CLASS   CONFIG         
                config                             8007     8007        3         0

        CLASS   IDLOC          

        CLASS   BANK31         

        CLASS   BANK30         

        CLASS   BANK29         

        CLASS   BANK28         

        CLASS   BANK27         

        CLASS   BANK26         

        CLASS   BANK25         

        CLASS   BANK24         

        CLASS   BANK23         

        CLASS   BANK22         

        CLASS   BANK21         

        CLASS   BANK20         

        CLASS   BANK19         

        CLASS   BANK18         

        CLASS   BANK17         

        CLASS   BANK16         

        CLASS   BANK15         

        CLASS   BANK14         

        CLASS   BANK13         

        CLASS   BANK12         

        CLASS   BANK11         

        CLASS   BANK10         

        CLASS   BANK9          

        CLASS   BANK8          

        CLASS   BANK7          

        CLASS   BANK6          

        CLASS   BANK5          

        CLASS   BANK4          

        CLASS   BANK3          

        CLASS   EEDATA         



SEGMENTS        Name                           Load    Length   Top    Selector   Space  Class     Delta

                reset_vec                      000000  000001  000001         0       0  CODE        2
                intentry                       000004  00052E  000532         8       0  CODE        2
                bssBANK0                       000020  000044  000064        20       1  BANK0       1
                cstackCOMMON                   000070  00000C  00007C        70       1  COMMON      1
                config                         008007  000003  00800A     1000E       0  CONFIG      2


UNUSED ADDRESS RANGES

        Name                Unused          Largest block    Delta
        BANK0            00064-0006F               C           1
        BANK1            000A0-000EF              50           1
        BANK2            00120-0016F              50           1
        BIGRAM           02000-020EF              F0           1
        CODE             00001-00003               3           2
                         00532-007FF             2CE
        COMMON           0007C-0007D               2           1
        CONST            00001-00003               3           2
                         00532-007FF             100
        ENTRY            00001-00003               3           2
                         00532-007FF             100
        IDLOC            08000-08003               4           2
        RAM              00064-0006F               C           1
                         000A0-000EF              50
                         00120-0016F              50
        SFR0             00000-0001F              20           1
        SFR1             00080-0009F              20           1
        SFR10            00500-0056F              70           1
        SFR11            00580-005EF              70           1
        SFR12            00600-0066F              70           1
        SFR13            00680-006EF              70           1
        SFR14            00700-0076F              70           1
        SFR15            00780-007EF              70           1
        SFR16            00800-0086F              70           1
        SFR17            00880-008EF              70           1
        SFR18            00900-0096F              70           1
        SFR19            00980-009EF              70           1
        SFR2             00100-0011F              20           1
        SFR20            00A00-00A6F              70           1
        SFR21            00A80-00AEF              70           1
        SFR22            00B00-00B6F              70           1
        SFR23            00B80-00BEF              70           1
        SFR24            00C00-00C6F              70           1
        SFR25            00C80-00CEF              70           1
        SFR26            00D00-00D6F              70           1
        SFR27            00D80-00DEF              70           1
        SFR28            00E00-00E6F              70           1
        SFR29            00E80-00EEF              70           1
        SFR3             00180-001EF              70           1
        SFR30            00F00-00F6F              70           1
        SFR31            00F80-00FEF              70           1
        SFR4             00200-0026F              70           1
        SFR5             00280-002EF              70           1
        SFR6             00300-0036F              70           1
        SFR7             00380-003EF              70           1
        SFR8             00400-0046F              70           1
        SFR9             00480-004EF              70           1
        STACK            02044-020EF              AC           1
        STRCODE          00001-00003               3           2
                         00532-007FF             2CE
        STRING           00001-00003               3           2
                         00532-007FF             100

                                  Symbol Table

?___awtoft                         cstackBANK0  0004B
?___ftmul                          cstackBANK0  00051
?___ftpack                         cstackBANK0  00043
?___fttol                          cstackBANK0  00043
?___ltdiv                          cstackBANK0  00043
?___lttoft                         cstackBANK0  00057
?___tmul                           cstackBANK0  0004E
?___wmul                           cstackBANK0  00043
_ADCON0                            (abs)        0009D
_ADCON0bits                        (abs)        0009D
_ADCON1                            (abs)        0009E
_ADCValue                          bssBANK0     00041
_ADC_Initialization                text20       004CE
_ADRES                             (abs)        0009B
_ADRESH                            (abs)        0009C
_ADRESL                            (abs)        0009B
_ANSELA                            (abs)        0018C
_ANSELC                            (abs)        0018E
_CCP1CON                           (abs)        00293
_CCPR1                             (abs)        00291
_CCP_Initialization                text19       004FC
_CM1CON0                           (abs)        00111
_CM1CON1                           (abs)        00112
_CM2CON0                           (abs)        00113
_CM2CON1                           (abs)        00114
_CMOUTbits                         (abs)        00115
_CWG1AS0                           (abs)        00693
_CWG1AS0bits                       (abs)        00693
_CWG1AS1bits                       (abs)        00694
_CWG1CLKCON                        (abs)        00699
_CWG1CON0                          (abs)        00696
_CWG1CON0bits                      (abs)        00696
_CWG1CON1                          (abs)        00697
_CWG1DBF                           (abs)        00692
_CWG1DBR                           (abs)        00691
_CWG1ISM                           (abs)        0069A
_CWG1OCON1                         (abs)        00698
_CWG_Initialization                text18       004BC
_Check_Overcurrent                 text26       003F5
_Comp_Initialization               text17       0050A
_DAC1CON0                          (abs)        00118
_DAC1CON1                          (abs)        00119
_DAC_Initialization                text16       00521
_DesiredSpeed_Calculation          text14       00479
_DutyCycle                         bssBANK0     0002F
_FVRCONbits                        (abs)        00117
_FVR_Initialization                text13       00514
_Get_ActualSpeed                   text9        0038F
_INTCONbits                        (abs)        0000B
_Int_                              intentry     00004
_Int_Initialization                text8        0052D
_IntegOut                          bssBANK0     00020
_IntegValue                        bssBANK0     00031
_LATA                              (abs)        0010C
_OSCCON                            (abs)        00099
_PIE1bits                          (abs)        00091
_PIR1bits                          (abs)        00011
_PIValue                           bssBANK0     00033
_PI_Calculation                    text6        00138
_PORTAbits                         (abs)        0000C
_PR2                               (abs)        0001B
_PWMResult                         bssBANK0     00023
_PWMValue                          bssBANK0     00035
_PWM_Calculation                   text4        002AB
_Pin_Manager                       text3        004AA
_PropOut                           bssBANK0     00026
_PropValue                         bssBANK0     00037
_SMT1CLK                           (abs)        00D9B
_SMT1CON0                          (abs)        00D98
_SMT1CON1                          (abs)        00D99
_SMT1CON1bits                      (abs)        00D99
_SMT1CPR                           (abs)        00D8F
_SMT1CPW                           (abs)        00D92
_SMT1PR                            (abs)        00D95
_SMT1SIG                           (abs)        00D9C
_SMT1TMR                           (abs)        00D8C
_SMT_Initialization                text2        00418
_SpeedActual                       bssBANK0     00039
_SpeedCalculation                  bssBANK0     00029
_SpeedCounter                      bssCOMMON    00079
_SpeedError                        bssBANK0     0003B
_SpeedIntegral                     bssBANK0     0003D
_SpeedMeasurement                  bssBANK0     0002C
_SpeedReference                    bssBANK0     0003F
_T1CON                             (abs)        00018
_T1CONbits                         (abs)        00018
_T1GCON                            (abs)        00019
_T2CLKCON                          (abs)        0001E
_T2CON                             (abs)        0001C
_T2CONbits                         (abs)        0001C
_TMR1                              (abs)        00016
_TMR1H                             (abs)        00017
_TMR1L                             (abs)        00016
_TMR1_Initialization               text1        004DE
_TMR1_Reload                       text25       00527
_TMR2                              (abs)        0001A
_TMR2IF                            (abs)        00089
_TRISA                             (abs)        0008C
_TRISC                             (abs)        0008E
_TempResult                        bssCOMMON    00077
_Timer1ReloadVal                   nvCOMMON     0007A
__CFG_BOREN$ON                     (abs)        00000
__CFG_BORV$LO                      (abs)        00000
__CFG_CLKOUTEN$OFF                 (abs)        00000
__CFG_CP$OFF                       (abs)        00000
__CFG_FOSC$INOSC                   (abs)        00000
__CFG_LPBOR$OFF                    (abs)        00000
__CFG_LVP$ON                       (abs)        00000
__CFG_MCLRE$OFF                    (abs)        00000
__CFG_PLLEN$OFF                    (abs)        00000
__CFG_PWRTE$OFF                    (abs)        00000
__CFG_STVREN$ON                    (abs)        00000
__CFG_WDTCCS$SWC                   (abs)        00000
__CFG_WDTCPS$WDTCPS1F              (abs)        00000
__CFG_WDTCWS$WDTCWSSW              (abs)        00000
__CFG_WDTE$OFF                     (abs)        00000
__CFG_WRT$OFF                      (abs)        00000
__CFG_ZCDDIS$ON                    (abs)        00000
__Habs1                            abs1         00000
__Hbank0                           bank0        00000
__Hbank1                           bank1        00000
__Hbank10                          bank10       00000
__Hbank11                          bank11       00000
__Hbank12                          bank12       00000
__Hbank13                          bank13       00000
__Hbank14                          bank14       00000
__Hbank15                          bank15       00000
__Hbank16                          bank16       00000
__Hbank17                          bank17       00000
__Hbank18                          bank18       00000
__Hbank19                          bank19       00000
__Hbank2                           bank2        00000
__Hbank20                          bank20       00000
__Hbank21                          bank21       00000
__Hbank22                          bank22       00000
__Hbank23                          bank23       00000
__Hbank24                          bank24       00000
__Hbank25                          bank25       00000
__Hbank26                          bank26       00000
__Hbank27                          bank27       00000
__Hbank28                          bank28       00000
__Hbank29                          bank29       00000
__Hbank3                           bank3        00000
__Hbank30                          bank30       00000
__Hbank31                          bank31       00000
__Hbank4                           bank4        00000
__Hbank5                           bank5        00000
__Hbank6                           bank6        00000
__Hbank7                           bank7        00000
__Hbank8                           bank8        00000
__Hbank9                           bank9        00000
__Hbigram                          bigram       00000
__HbssBANK0                        bssBANK0     00000
__HbssCOMMON                       bssCOMMON    00000
__Hcinit                           cinit        00085
__Hclrtext                         clrtext      00000
__Hcode                            code         00000
__Hcommon                          common       00000
__Hconfig                          config       0800A
__HcstackBANK0                     cstackBANK0  00000
__HcstackCOMMON                    cstackCOMMON 00000
__Heeprom_data                     eeprom_data  00000
__Hend_init                        end_init     0007A
__Hfunctab                         functab      00000
__Hidloc                           idloc        00000
__Hinit                            init         00079
__Hintentry                        intentry     00079
__Hmaintext                        maintext     00000
__HnvCOMMON                        nvCOMMON     00000
__Hpowerup                         powerup      00000
__Hram                             ram          00000
__Hreset_vec                       reset_vec    00001
__Hsfr0                            sfr0         00000
__Hsfr1                            sfr1         00000
__Hsfr10                           sfr10        00000
__Hsfr11                           sfr11        00000
__Hsfr12                           sfr12        00000
__Hsfr13                           sfr13        00000
__Hsfr14                           sfr14        00000
__Hsfr15                           sfr15        00000
__Hsfr16                           sfr16        00000
__Hsfr17                           sfr17        00000
__Hsfr18                           sfr18        00000
__Hsfr19                           sfr19        00000
__Hsfr2                            sfr2         00000
__Hsfr20                           sfr20        00000
__Hsfr21                           sfr21        00000
__Hsfr22                           sfr22        00000
__Hsfr23                           sfr23        00000
__Hsfr24                           sfr24        00000
__Hsfr25                           sfr25        00000
__Hsfr26                           sfr26        00000
__Hsfr27                           sfr27        00000
__Hsfr28                           sfr28        00000
__Hsfr29                           sfr29        00000
__Hsfr3                            sfr3         00000
__Hsfr30                           sfr30        00000
__Hsfr31                           sfr31        00000
__Hsfr4                            sfr4         00000
__Hsfr5                            sfr5         00000
__Hsfr6                            sfr6         00000
__Hsfr7                            sfr7         00000
__Hsfr8                            sfr8         00000
__Hsfr9                            sfr9         00000
__Hstack                           stack        00000
__Hstrings                         strings      00000
__Htext                            text         00000
__Labs1                            abs1         00000
__Lbank0                           bank0        00000
__Lbank1                           bank1        00000
__Lbank10                          bank10       00000
__Lbank11                          bank11       00000
__Lbank12                          bank12       00000
__Lbank13                          bank13       00000
__Lbank14                          bank14       00000
__Lbank15                          bank15       00000
__Lbank16                          bank16       00000
__Lbank17                          bank17       00000
__Lbank18                          bank18       00000
__Lbank19                          bank19       00000
__Lbank2                           bank2        00000
__Lbank20                          bank20       00000
__Lbank21                          bank21       00000
__Lbank22                          bank22       00000
__Lbank23                          bank23       00000
__Lbank24                          bank24       00000
__Lbank25                          bank25       00000
__Lbank26                          bank26       00000
__Lbank27                          bank27       00000
__Lbank28                          bank28       00000
__Lbank29                          bank29       00000
__Lbank3                           bank3        00000
__Lbank30                          bank30       00000
__Lbank31                          bank31       00000
__Lbank4                           bank4        00000
__Lbank5                           bank5        00000
__Lbank6                           bank6        00000
__Lbank7                           bank7        00000
__Lbank8                           bank8        00000
__Lbank9                           bank9        00000
__Lbigram                          bigram       00000
__LbssBANK0                        bssBANK0     00000
__LbssCOMMON                       bssCOMMON    00000
__Lcinit                           cinit        0007A
__Lclrtext                         clrtext      00000
__Lcode                            code         00000
__Lcommon                          common       00000
__Lconfig                          config       08007
__LcstackBANK0                     cstackBANK0  00000
__LcstackCOMMON                    cstackCOMMON 00000
__Leeprom_data                     eeprom_data  00000
__Lend_init                        end_init     00079
__Lfunctab                         functab      00000
__Lidloc                           idloc        00000
__Linit                            init         00079
__Lintentry                        intentry     00004
__Lmaintext                        maintext     00000
__LnvCOMMON                        nvCOMMON     00000
__Lpowerup                         powerup      00000
__Lram                             ram          00000
__Lreset_vec                       reset_vec    00000
__Lsfr0                            sfr0         00000
__Lsfr1                            sfr1         00000
__Lsfr10                           sfr10        00000
__Lsfr11                           sfr11        00000
__Lsfr12                           sfr12        00000
__Lsfr13                           sfr13        00000
__Lsfr14                           sfr14        00000
__Lsfr15                           sfr15        00000
__Lsfr16                           sfr16        00000
__Lsfr17                           sfr17        00000
__Lsfr18                           sfr18        00000
__Lsfr19                           sfr19        00000
__Lsfr2                            sfr2         00000
__Lsfr20                           sfr20        00000
__Lsfr21                           sfr21        00000
__Lsfr22                           sfr22        00000
__Lsfr23                           sfr23        00000
__Lsfr24                           sfr24        00000
__Lsfr25                           sfr25        00000
__Lsfr26                           sfr26        00000
__Lsfr27                           sfr27        00000
__Lsfr28                           sfr28        00000
__Lsfr29                           sfr29        00000
__Lsfr3                            sfr3         00000
__Lsfr30                           sfr30        00000
__Lsfr31                           sfr31        00000
__Lsfr4                            sfr4         00000
__Lsfr5                            sfr5         00000
__Lsfr6                            sfr6         00000
__Lsfr7                            sfr7         00000
__Lsfr8                            sfr8         00000
__Lsfr9                            sfr9         00000
__Lstack                           stack        00000
__Lstrings                         strings      00000
__Ltext                            text         00000
__S0                               (abs)        0800A
__S1                               (abs)        0007C
__S2                               (abs)        00000
___awtoft                          text21       0043A
___awtoft@c                        cstackBANK0  0004B
___awtoft@sign                     cstackBANK0  00050
___ftmul                           text7        00085
___ftmul@cntr                      cstackBANK0  0005F
___ftmul@exp                       cstackBANK0  0005B
___ftmul@f1                        cstackBANK0  00051
___ftmul@f2                        cstackBANK0  00054
___ftmul@f3_as_product             cstackBANK0  0005C
___ftmul@sign                      cstackBANK0  00060
___ftpack                          text22       0024A
___ftpack@arg                      cstackBANK0  00043
___ftpack@exp                      cstackBANK0  00046
___ftpack@sign                     cstackBANK0  00047
___fttol                           text15       001C3
___fttol@exp1                      cstackBANK0  00050
___fttol@f1                        cstackBANK0  00043
___fttol@lval                      cstackBANK0  0004C
___fttol@sign1                     cstackBANK0  0004B
___int_sp                          stack        00000
___latbits                         (abs)        00000
___ltdiv                           text12       00306
___ltdiv@counter                   cstackBANK0  0004D
___ltdiv@dividend                  cstackBANK0  00046
___ltdiv@divisor                   cstackBANK0  00043
___ltdiv@quotient                  cstackBANK0  0004A
___lttoft                          text11       00495
___lttoft@c                        cstackBANK0  00057
___sp                              stack        00000
___tmul                            text10       003CE
___tmul@multiplicand               cstackBANK0  00051
___tmul@multiplier                 cstackBANK0  0004E
___tmul@product                    cstackBANK0  00054
___wmul                            text5        0045B
___wmul@multiplicand               cstackBANK0  00045
___wmul@multiplier                 cstackBANK0  00043
___wmul@product                    cstackBANK0  00047
__end_of_ADC_Initialization        text20       004DE
__end_of_CCP_Initialization        text19       0050A
__end_of_CWG_Initialization        text18       004CE
__end_of_Check_Overcurrent         text26       00418
__end_of_Comp_Initialization       text17       00514
__end_of_DAC_Initialization        text16       00527
__end_of_DesiredSpeed_Calculation  text14       00495
__end_of_FVR_Initialization        text13       0051B
__end_of_Get_ActualSpeed           text9        003CE
__end_of_Int_                      intentry     00079
__end_of_Int_Initialization        text8        00532
__end_of_PI_Calculation            text6        001C3
__end_of_PWM_Calculation           text4        00306
__end_of_Pin_Manager               text3        004BC
__end_of_SMT_Initialization        text2        0043A
__end_of_TMR1_Initialization       text1        004ED
__end_of_TMR1_Reload               text25       0052D
__end_of___awtoft                  text21       0045B
__end_of___ftmul                   text7        00138
__end_of___ftpack                  text22       002AB
__end_of___fttol                   text15       0024A
__end_of___ltdiv                   text12       0034B
__end_of___lttoft                  text11       004AA
__end_of___tmul                    text10       003F5
__end_of___wmul                    text5        00479
__end_of__initialization           cinit        00083
__end_of_main                      maintext     0038F
__end_ofi1_ADC_Initialization      text24       004FC
__initialization                   cinit        0007A
__pbssBANK0                        bssBANK0     00020
__pbssCOMMON                       bssCOMMON    00077
__pcstackBANK0                     cstackBANK0  00043
__pcstackCOMMON                    cstackCOMMON 00070
__pintentry                        intentry     00004
__pmaintext                        maintext     0034B
__pnvCOMMON                        nvCOMMON     0007A
__ptext1                           text1        004DE
__ptext10                          text10       003CE
__ptext11                          text11       00495
__ptext12                          text12       00306
__ptext13                          text13       00514
__ptext14                          text14       00479
__ptext15                          text15       001C3
__ptext16                          text16       00521
__ptext17                          text17       0050A
__ptext18                          text18       004BC
__ptext19                          text19       004FC
__ptext2                           text2        00418
__ptext20                          text20       004CE
__ptext21                          text21       0043A
__ptext22                          text22       0024A
__ptext24                          text24       004ED
__ptext25                          text25       00527
__ptext26                          text26       003F5
__ptext3                           text3        004AA
__ptext4                           text4        002AB
__ptext5                           text5        0045B
__ptext6                           text6        00138
__ptext7                           text7        00085
__ptext8                           text8        0052D
__ptext9                           text9        0038F
__size_of_ADC_Initialization       (abs)        00000
__size_of_CCP_Initialization       (abs)        00000
__size_of_CWG_Initialization       (abs)        00000
__size_of_Check_Overcurrent        (abs)        00000
__size_of_Comp_Initialization      (abs)        00000
__size_of_DAC_Initialization       (abs)        00000
__size_of_DesiredSpeed_Calculation (abs)        00000
__size_of_FVR_Initialization       (abs)        00000
__size_of_Get_ActualSpeed          (abs)        00000
__size_of_Int_                     (abs)        00000
__size_of_Int_Initialization       (abs)        00000
__size_of_PI_Calculation           (abs)        00000
__size_of_PWM_Calculation          (abs)        00000
__size_of_Pin_Manager              (abs)        00000
__size_of_SMT_Initialization       (abs)        00000
__size_of_TMR1_Initialization      (abs)        00000
__size_of_TMR1_Reload              (abs)        00000
__size_of___awtoft                 (abs)        00000
__size_of___ftmul                  (abs)        00000
__size_of___ftpack                 (abs)        00000
__size_of___fttol                  (abs)        00000
__size_of___ltdiv                  (abs)        00000
__size_of___lttoft                 (abs)        00000
__size_of___tmul                   (abs)        00000
__size_of___wmul                   (abs)        00000
__size_of_main                     (abs)        00000
__size_ofi1_ADC_Initialization     (abs)        00000
_main                              maintext     0034B
btemp                              (abs)        0007E
clear_ram0                         clrtext      0051B
end_of_initialization              cinit        00083
i1_ADC_Initialization              text24       004ED
intlevel0                          functab      00000
intlevel1                          functab      00000
intlevel2                          functab      00000
intlevel3                          functab      00000
intlevel4                          functab      00000
intlevel5                          functab      00000
ltemp                              (abs)        0007E
ltemp0                             (abs)        0007E
ltemp1                             (abs)        00082
ltemp2                             (abs)        00086
ltemp3                             (abs)        00080
reset_vec                          reset_vec    00000
stackhi                            (abs)        020EF
stacklo                            (abs)        02044
start                              init         00079
start_initialization               cinit        0007A
ttemp                              (abs)        0007E
ttemp0                             (abs)        0007E
ttemp1                             (abs)        00081
ttemp2                             (abs)        00084
ttemp3                             (abs)        00087
ttemp4                             (abs)        0007F
wtemp                              (abs)        0007E
wtemp0                             (abs)        0007E
wtemp1                             (abs)        00080
wtemp2                             (abs)        00082
wtemp3                             (abs)        00084
wtemp4                             (abs)        00086
wtemp5                             (abs)        00088
wtemp6                             (abs)        0007F


FUNCTION INFORMATION:

 *************** function _main *****************
 Defined at:
		line 164 in file "AN1779_Source_Code_main.c"
 Parameters:    Size  Location     Type
		None
 Auto vars:     Size  Location     Type
		None
 Return value:  Size  Location     Type
		None               void
 Registers used:
		wreg, status,2, status,0, btemp+1, pclath, cstack
 Tracked objects:
		On entry : 
		On exit  : 
		Unchanged: 
 Data sizes:     COMMON   BANK0   BANK1   BANK2
      Params:         0       0       0       0
      Locals:         0       0       0       0
      Temps:          0       1       0       0
      Totals:         0       1       0       0
Total ram usage:        1 bytes
 Hardware stack levels required when called:    5
 This function calls:
		_ADC_Initialization
		_CCP_Initialization
		_CWG_Initialization
		_Comp_Initialization
		_DAC_Initialization
		_DesiredSpeed_Calculation
		_FVR_Initialization
		_Get_ActualSpeed
		_Int_Initialization
		_PI_Calculation
		_PWM_Calculation
		_Pin_Manager
		_SMT_Initialization
		_TMR1_Initialization
 This function is called by:
		Startup code after reset
 This function uses a non-reentrant model


 *************** function _TMR1_Initialization *****************
 Defined at:
		line 415 in file "AN1779_Source_Code_main.c"
 Parameters:    Size  Location     Type
		None
 Auto vars:     Size  Location     Type
		None
 Return value:  Size  Location     Type
		None               void
 Registers used:
		wreg, status,2, status,0
 Tracked objects:
		On entry : 
		On exit  : 
		Unchanged: 
 Data sizes:     COMMON   BANK0   BANK1   BANK2
      Params:         0       0       0       0
      Locals:         0       0       0       0
      Temps:          0       0       0       0
      Totals:         0       0       0       0
Total ram usage:        0 bytes
 Hardware stack levels used:    1
 Hardware stack levels required when called:    2
 This function calls:
		Nothing
 This function is called by:
		_main
 This function uses a non-reentrant model


 *************** function _SMT_Initialization *****************
 Defined at:
		line 397 in file "AN1779_Source_Code_main.c"
 Parameters:    Size  Location     Type
		None
 Auto vars:     Size  Location     Type
		None
 Return value:  Size  Location     Type
		None               void
 Registers used:
		wreg
 Tracked objects:
		On entry : 
		On exit  : 
		Unchanged: 
 Data sizes:     COMMON   BANK0   BANK1   BANK2
      Params:         0       0       0       0
      Locals:         0       0       0       0
      Temps:          0       0       0       0
      Totals:         0       0       0       0
Total ram usage:        0 bytes
 Hardware stack levels used:    1
 Hardware stack levels required when called:    2
 This function calls:
		Nothing
 This function is called by:
		_main
 This function uses a non-reentrant model


 *************** function _Pin_Manager *****************
 Defined at:
		line 228 in file "AN1779_Source_Code_main.c"
 Parameters:    Size  Location     Type
		None
 Auto vars:     Size  Location     Type
		None
 Return value:  Size  Location     Type
		None               void
 Registers used:
		wreg, status,2
 Tracked objects:
		On entry : 
		On exit  : 
		Unchanged: 
 Data sizes:     COMMON   BANK0   BANK1   BANK2
      Params:         0       0       0       0
      Locals:         0       0       0       0
      Temps:          0       0       0       0
      Totals:         0       0       0       0
Total ram usage:        0 bytes
 Hardware stack levels used:    1
 Hardware stack levels required when called:    2
 This function calls:
		Nothing
 This function is called by:
		_main
 This function uses a non-reentrant model


 *************** function _PWM_Calculation *****************
 Defined at:
		line 437 in file "AN1779_Source_Code_main.c"
 Parameters:    Size  Location     Type
		None
 Auto vars:     Size  Location     Type
		None
 Return value:  Size  Location     Type
		None               void
 Registers used:
		wreg, status,2, status,0, btemp+1, pclath, cstack
 Tracked objects:
		On entry : 
		On exit  : 
		Unchanged: 
 Data sizes:     COMMON   BANK0   BANK1   BANK2
      Params:         0       0       0       0
      Locals:         0       0       0       0
      Temps:          0       0       0       0
      Totals:         0       0       0       0
Total ram usage:        0 bytes
 Hardware stack levels used:    1
 Hardware stack levels required when called:    4
 This function calls:
		___awtoft
		___fttol
		___wmul
 This function is called by:
		_main
 This function uses a non-reentrant model


 *************** function ___wmul *****************
 Defined at:
		line 4 in file "C:\Program Files (x86)\Microchip\xc8\v1.30\sources\common\wmul.c"
 Parameters:    Size  Location     Type
  multiplier      2    0[BANK0 ] unsigned int 
  multiplicand    2    2[BANK0 ] unsigned int 
 Auto vars:     Size  Location     Type
  product         2    4[BANK0 ] unsigned int 
 Return value:  Size  Location     Type
                  2    0[BANK0 ] unsigned int 
 Registers used:
		wreg, status,2, status,0
 Tracked objects:
		On entry : 
		On exit  : 
		Unchanged: 
 Data sizes:     COMMON   BANK0   BANK1   BANK2
      Params:         0       4       0       0
      Locals:         0       2       0       0
      Temps:          0       0       0       0
      Totals:         0       6       0       0
Total ram usage:        6 bytes
 Hardware stack levels used:    1
 Hardware stack levels required when called:    2
 This function calls:
		Nothing
 This function is called by:
		_PWM_Calculation
 This function uses a non-reentrant model


 *************** function _PI_Calculation *****************
 Defined at:
		line 491 in file "AN1779_Source_Code_main.c"
 Parameters:    Size  Location     Type
		None
 Auto vars:     Size  Location     Type
		None
 Return value:  Size  Location     Type
		None               void
 Registers used:
		wreg, status,2, status,0, btemp+1, pclath, cstack
 Tracked objects:
		On entry : 
		On exit  : 
		Unchanged: 
 Data sizes:     COMMON   BANK0   BANK1   BANK2
      Params:         0       0       0       0
      Locals:         0       0       0       0
      Temps:          0       2       0       0
      Totals:         0       2       0       0
Total ram usage:        2 bytes
 Hardware stack levels used:    1
 Hardware stack levels required when called:    4
 This function calls:
		___awtoft
		___ftmul
		___fttol
 This function is called by:
		_main
 This function uses a non-reentrant model


 *************** function ___ftmul *****************
 Defined at:
		line 51 in file "C:\Program Files (x86)\Microchip\xc8\v1.30\sources\common\ftmul.c"
 Parameters:    Size  Location     Type
  f1              3   14[BANK0 ] float 
  f2              3   17[BANK0 ] float 
 Auto vars:     Size  Location     Type
  f3_as_produc    3   25[BANK0 ] unsigned um
  sign            1   29[BANK0 ] unsigned char 
  cntr            1   28[BANK0 ] unsigned char 
  exp             1   24[BANK0 ] unsigned char 
 Return value:  Size  Location     Type
                  3   14[BANK0 ] float 
 Registers used:
		wreg, status,2, status,0, pclath, cstack
 Tracked objects:
		On entry : 
		On exit  : 
		Unchanged: 
 Data sizes:     COMMON   BANK0   BANK1   BANK2
      Params:         0       6       0       0
      Locals:         0       6       0       0
      Temps:          0       4       0       0
      Totals:         0      16       0       0
Total ram usage:       16 bytes
 Hardware stack levels used:    1
 Hardware stack levels required when called:    3
 This function calls:
		___ftpack
 This function is called by:
		_PI_Calculation
 This function uses a non-reentrant model


 *************** function _Int_Initialization *****************
 Defined at:
		line 240 in file "AN1779_Source_Code_main.c"
 Parameters:    Size  Location     Type
		None
 Auto vars:     Size  Location     Type
		None
 Return value:  Size  Location     Type
		None               void
 Registers used:
		None
 Tracked objects:
		On entry : 
		On exit  : 
		Unchanged: 
 Data sizes:     COMMON   BANK0   BANK1   BANK2
      Params:         0       0       0       0
      Locals:         0       0       0       0
      Temps:          0       0       0       0
      Totals:         0       0       0       0
Total ram usage:        0 bytes
 Hardware stack levels used:    1
 Hardware stack levels required when called:    2
 This function calls:
		Nothing
 This function is called by:
		_main
 This function uses a non-reentrant model


 *************** function _Get_ActualSpeed *****************
 Defined at:
		line 481 in file "AN1779_Source_Code_main.c"
 Parameters:    Size  Location     Type
		None
 Auto vars:     Size  Location     Type
		None
 Return value:  Size  Location     Type
		None               void
 Registers used:
		wreg, status,2, status,0, pclath, cstack
 Tracked objects:
		On entry : 
		On exit  : 
		Unchanged: 
 Data sizes:     COMMON   BANK0   BANK1   BANK2
      Params:         0       0       0       0
      Locals:         0       0       0       0
      Temps:          0       0       0       0
      Totals:         0       0       0       0
Total ram usage:        0 bytes
 Hardware stack levels used:    1
 Hardware stack levels required when called:    4
 This function calls:
		___fttol
		___ltdiv
		___lttoft
		___tmul
 This function is called by:
		_main
 This function uses a non-reentrant model


 *************** function ___tmul *****************
 Defined at:
		line 2 in file "C:\Program Files (x86)\Microchip\xc8\v1.30\sources\common\tmul.c"
 Parameters:    Size  Location     Type
  multiplier      3   11[BANK0 ] unsigned um
  multiplicand    3   14[BANK0 ] unsigned um
 Auto vars:     Size  Location     Type
  product         3   17[BANK0 ] unsigned um
 Return value:  Size  Location     Type
                  3   11[BANK0 ] unsigned um
 Registers used:
		wreg, status,2, status,0
 Tracked objects:
		On entry : 
		On exit  : 
		Unchanged: 
 Data sizes:     COMMON   BANK0   BANK1   BANK2
      Params:         0       6       0       0
      Locals:         0       3       0       0
      Temps:          0       0       0       0
      Totals:         0       9       0       0
Total ram usage:        9 bytes
 Hardware stack levels used:    1
 Hardware stack levels required when called:    2
 This function calls:
		Nothing
 This function is called by:
		_Get_ActualSpeed
 This function uses a non-reentrant model


 *************** function ___lttoft *****************
 Defined at:
		line 30 in file "C:\Program Files (x86)\Microchip\xc8\v1.30\sources\common\lttoft.c"
 Parameters:    Size  Location     Type
  c               3   20[BANK0 ] unsigned um
 Auto vars:     Size  Location     Type
		None
 Return value:  Size  Location     Type
                  3   20[BANK0 ] float 
 Registers used:
		wreg, status,2, status,0, pclath, cstack
 Tracked objects:
		On entry : 
		On exit  : 
		Unchanged: 
 Data sizes:     COMMON   BANK0   BANK1   BANK2
      Params:         0       3       0       0
      Locals:         0       0       0       0
      Temps:          0       1       0       0
      Totals:         0       4       0       0
Total ram usage:        4 bytes
 Hardware stack levels used:    1
 Hardware stack levels required when called:    3
 This function calls:
		___ftpack
 This function is called by:
		_Get_ActualSpeed
 This function uses a non-reentrant model


 *************** function ___ltdiv *****************
 Defined at:
		line 6 in file "C:\Program Files (x86)\Microchip\xc8\v1.30\sources\common\ltdiv.c"
 Parameters:    Size  Location     Type
  divisor         3    0[BANK0 ] unsigned um
  dividend        3    3[BANK0 ] unsigned um
 Auto vars:     Size  Location     Type
  quotient        3    7[BANK0 ] unsigned um
  counter         1   10[BANK0 ] unsigned char 
 Return value:  Size  Location     Type
                  3    0[BANK0 ] unsigned um
 Registers used:
		wreg, status,2, status,0
 Tracked objects:
		On entry : 
		On exit  : 
		Unchanged: 
 Data sizes:     COMMON   BANK0   BANK1   BANK2
      Params:         0       6       0       0
      Locals:         0       4       0       0
      Temps:          0       1       0       0
      Totals:         0      11       0       0
Total ram usage:       11 bytes
 Hardware stack levels used:    1
 Hardware stack levels required when called:    2
 This function calls:
		Nothing
 This function is called by:
		_Get_ActualSpeed
 This function uses a non-reentrant model


 *************** function _FVR_Initialization *****************
 Defined at:
		line 285 in file "AN1779_Source_Code_main.c"
 Parameters:    Size  Location     Type
		None
 Auto vars:     Size  Location     Type
		None
 Return value:  Size  Location     Type
		None               void
 Registers used:
		None
 Tracked objects:
		On entry : 
		On exit  : 
		Unchanged: 
 Data sizes:     COMMON   BANK0   BANK1   BANK2
      Params:         0       0       0       0
      Locals:         0       0       0       0
      Temps:          0       0       0       0
      Totals:         0       0       0       0
Total ram usage:        0 bytes
 Hardware stack levels used:    1
 Hardware stack levels required when called:    2
 This function calls:
		Nothing
 This function is called by:
		_main
 This function uses a non-reentrant model


 *************** function _DesiredSpeed_Calculation *****************
 Defined at:
		line 459 in file "AN1779_Source_Code_main.c"
 Parameters:    Size  Location     Type
		None
 Auto vars:     Size  Location     Type
		None
 Return value:  Size  Location     Type
		None               void
 Registers used:
		wreg, status,2, status,0, pclath, cstack
 Tracked objects:
		On entry : 
		On exit  : 
		Unchanged: 
 Data sizes:     COMMON   BANK0   BANK1   BANK2
      Params:         0       0       0       0
      Locals:         0       0       0       0
      Temps:          0       0       0       0
      Totals:         0       0       0       0
Total ram usage:        0 bytes
 Hardware stack levels used:    1
 Hardware stack levels required when called:    4
 This function calls:
		___awtoft
		___fttol
 This function is called by:
		_main
 This function uses a non-reentrant model


 *************** function ___fttol *****************
 Defined at:
		line 44 in file "C:\Program Files (x86)\Microchip\xc8\v1.30\sources\common\fttol.c"
 Parameters:    Size  Location     Type
  f1              3    0[BANK0 ] float 
 Auto vars:     Size  Location     Type
  lval            4    9[BANK0 ] unsigned long 
  exp1            1   13[BANK0 ] unsigned char 
  sign1           1    8[BANK0 ] unsigned char 
 Return value:  Size  Location     Type
                  4    0[BANK0 ] long 
 Registers used:
		wreg, status,2, status,0
 Tracked objects:
		On entry : 
		On exit  : 
		Unchanged: 
 Data sizes:     COMMON   BANK0   BANK1   BANK2
      Params:         0       4       0       0
      Locals:         0       6       0       0
      Temps:          0       4       0       0
      Totals:         0      14       0       0
Total ram usage:       14 bytes
 Hardware stack levels used:    1
 Hardware stack levels required when called:    2
 This function calls:
		Nothing
 This function is called by:
		_PWM_Calculation
		_DesiredSpeed_Calculation
		_Get_ActualSpeed
		_PI_Calculation
 This function uses a non-reentrant model


 *************** function _DAC_Initialization *****************
 Defined at:
		line 316 in file "AN1779_Source_Code_main.c"
 Parameters:    Size  Location     Type
		None
 Auto vars:     Size  Location     Type
		None
 Return value:  Size  Location     Type
		None               void
 Registers used:
		wreg
 Tracked objects:
		On entry : 
		On exit  : 
		Unchanged: 
 Data sizes:     COMMON   BANK0   BANK1   BANK2
      Params:         0       0       0       0
      Locals:         0       0       0       0
      Temps:          0       0       0       0
      Totals:         0       0       0       0
Total ram usage:        0 bytes
 Hardware stack levels used:    1
 Hardware stack levels required when called:    2
 This function calls:
		Nothing
 This function is called by:
		_main
 This function uses a non-reentrant model


 *************** function _Comp_Initialization *****************
 Defined at:
		line 270 in file "AN1779_Source_Code_main.c"
 Parameters:    Size  Location     Type
		None
 Auto vars:     Size  Location     Type
		None
 Return value:  Size  Location     Type
		None               void
 Registers used:
		wreg
 Tracked objects:
		On entry : 
		On exit  : 
		Unchanged: 
 Data sizes:     COMMON   BANK0   BANK1   BANK2
      Params:         0       0       0       0
      Locals:         0       0       0       0
      Temps:          0       0       0       0
      Totals:         0       0       0       0
Total ram usage:        0 bytes
 Hardware stack levels used:    1
 Hardware stack levels required when called:    2
 This function calls:
		Nothing
 This function is called by:
		_main
 This function uses a non-reentrant model


 *************** function _CWG_Initialization *****************
 Defined at:
		line 368 in file "AN1779_Source_Code_main.c"
 Parameters:    Size  Location     Type
		None
 Auto vars:     Size  Location     Type
		None
 Return value:  Size  Location     Type
		None               void
 Registers used:
		wreg, status,2
 Tracked objects:
		On entry : 
		On exit  : 
		Unchanged: 
 Data sizes:     COMMON   BANK0   BANK1   BANK2
      Params:         0       0       0       0
      Locals:         0       0       0       0
      Temps:          0       0       0       0
      Totals:         0       0       0       0
Total ram usage:        0 bytes
 Hardware stack levels used:    1
 Hardware stack levels required when called:    2
 This function calls:
		Nothing
 This function is called by:
		_main
 This function uses a non-reentrant model


 *************** function _CCP_Initialization *****************
 Defined at:
		line 327 in file "AN1779_Source_Code_main.c"
 Parameters:    Size  Location     Type
		None
 Auto vars:     Size  Location     Type
		None
 Return value:  Size  Location     Type
		None               void
 Registers used:
		wreg, status,2
 Tracked objects:
		On entry : 
		On exit  : 
		Unchanged: 
 Data sizes:     COMMON   BANK0   BANK1   BANK2
      Params:         0       0       0       0
      Locals:         0       0       0       0
      Temps:          0       0       0       0
      Totals:         0       0       0       0
Total ram usage:        0 bytes
 Hardware stack levels used:    1
 Hardware stack levels required when called:    2
 This function calls:
		Nothing
 This function is called by:
		_main
 This function uses a non-reentrant model


 *************** function _ADC_Initialization *****************
 Defined at:
		line 345 in file "AN1779_Source_Code_main.c"
 Parameters:    Size  Location     Type
		None
 Auto vars:     Size  Location     Type
		None
 Return value:  Size  Location     Type
		None               void
 Registers used:
		wreg, status,2
 Tracked objects:
		On entry : 
		On exit  : 
		Unchanged: 
 Data sizes:     COMMON   BANK0   BANK1   BANK2
      Params:         0       0       0       0
      Locals:         0       0       0       0
      Temps:          0       1       0       0
      Totals:         0       1       0       0
Total ram usage:        1 bytes
 Hardware stack levels used:    1
 Hardware stack levels required when called:    2
 This function calls:
		Nothing
 This function is called by:
		_main
 This function uses a non-reentrant model


 *************** function ___awtoft *****************
 Defined at:
		line 32 in file "C:\Program Files (x86)\Microchip\xc8\v1.30\sources\common\awtoft.c"
 Parameters:    Size  Location     Type
  c               2    8[BANK0 ] int 
 Auto vars:     Size  Location     Type
  sign            1   13[BANK0 ] unsigned char 
 Return value:  Size  Location     Type
                  3    8[BANK0 ] float 
 Registers used:
		wreg, status,2, status,0, pclath, cstack
 Tracked objects:
		On entry : 
		On exit  : 
		Unchanged: 
 Data sizes:     COMMON   BANK0   BANK1   BANK2
      Params:         0       3       0       0
      Locals:         0       1       0       0
      Temps:          0       2       0       0
      Totals:         0       6       0       0
Total ram usage:        6 bytes
 Hardware stack levels used:    1
 Hardware stack levels required when called:    3
 This function calls:
		___ftpack
 This function is called by:
		_PWM_Calculation
		_DesiredSpeed_Calculation
		_PI_Calculation
 This function uses a non-reentrant model


 *************** function ___ftpack *****************
 Defined at:
		line 62 in file "C:\Program Files (x86)\Microchip\xc8\v1.30\sources\common\float.c"
 Parameters:    Size  Location     Type
  arg             3    0[BANK0 ] unsigned um
  exp             1    3[BANK0 ] unsigned char 
  sign            1    4[BANK0 ] unsigned char 
 Auto vars:     Size  Location     Type
		None
 Return value:  Size  Location     Type
                  3    0[BANK0 ] float 
 Registers used:
		wreg, status,2, status,0
 Tracked objects:
		On entry : 
		On exit  : 
		Unchanged: 
 Data sizes:     COMMON   BANK0   BANK1   BANK2
      Params:         0       5       0       0
      Locals:         0       0       0       0
      Temps:          0       3       0       0
      Totals:         0       8       0       0
Total ram usage:        8 bytes
 Hardware stack levels used:    1
 Hardware stack levels required when called:    2
 This function calls:
		Nothing
 This function is called by:
		___awtoft
		___ftmul
		___lttoft
 This function uses a non-reentrant model


 *************** function _Int_ *****************
 Defined at:
		line 122 in file "AN1779_Source_Code_main.c"
 Parameters:    Size  Location     Type
		None
 Auto vars:     Size  Location     Type
		None
 Return value:  Size  Location     Type
		None               void
 Registers used:
		wreg, status,2, status,0, pclath, cstack
 Tracked objects:
		On entry : 
		On exit  : 
		Unchanged: 
 Data sizes:     COMMON   BANK0   BANK1   BANK2
      Params:         0       0       0       0
      Locals:         0       0       0       0
      Temps:          4       0       0       0
      Totals:         4       0       0       0
Total ram usage:        4 bytes
 Hardware stack levels used:    1
 Hardware stack levels required when called:    1
 This function calls:
		_Check_Overcurrent
		_TMR1_Reload
		i1_ADC_Initialization
 This function is called by:
		Interrupt level 1
 This function uses a non-reentrant model


 *************** function i1_ADC_Initialization *****************
 Defined at:
		line 345 in file "AN1779_Source_Code_main.c"
 Parameters:    Size  Location     Type
		None
 Auto vars:     Size  Location     Type
		None
 Return value:  Size  Location     Type
		None               void
 Registers used:
		wreg, status,2
 Tracked objects:
		On entry : 
		On exit  : 
		Unchanged: 
 Data sizes:     COMMON   BANK0   BANK1   BANK2
      Params:         0       0       0       0
      Locals:         0       0       0       0
      Temps:          1       0       0       0
      Totals:         1       0       0       0
Total ram usage:        1 bytes
 Hardware stack levels used:    1
 This function calls:
		Nothing
 This function is called by:
		_Int_
 This function uses a non-reentrant model


 *************** function _TMR1_Reload *****************
 Defined at:
		line 427 in file "AN1779_Source_Code_main.c"
 Parameters:    Size  Location     Type
		None
 Auto vars:     Size  Location     Type
		None
 Return value:  Size  Location     Type
		None               void
 Registers used:
		wreg, status,2
 Tracked objects:
		On entry : 
		On exit  : 
		Unchanged: 
 Data sizes:     COMMON   BANK0   BANK1   BANK2
      Params:         0       0       0       0
      Locals:         0       0       0       0
      Temps:          0       0       0       0
      Totals:         0       0       0       0
Total ram usage:        0 bytes
 Hardware stack levels used:    1
 This function calls:
		Nothing
 This function is called by:
		_Int_
 This function uses a non-reentrant model


 *************** function _Check_Overcurrent *****************
 Defined at:
		line 511 in file "AN1779_Source_Code_main.c"
 Parameters:    Size  Location     Type
		None
 Auto vars:     Size  Location     Type
		None
 Return value:  Size  Location     Type
		None               void
 Registers used:
		wreg
 Tracked objects:
		On entry : 
		On exit  : 
		Unchanged: 
 Data sizes:     COMMON   BANK0   BANK1   BANK2
      Params:         0       0       0       0
      Locals:         0       0       0       0
      Temps:          3       0       0       0
      Totals:         3       0       0       0
Total ram usage:        3 bytes
 Hardware stack levels used:    1
 This function calls:
		Nothing
 This function is called by:
		_Int_
 This function uses a non-reentrant model



MODULE INFORMATION

Module		Function		Class		Link	Load	Size
C:\Program Files (x86)\Microchip\xc8\v1.30\sources\common\float.c
		___ftpack      		CODE           	024A	0000	97

C:\Program Files (x86)\Microchip\xc8\v1.30\sources\common\float.c estimated size: 97

C:\Program Files (x86)\Microchip\xc8\v1.30\sources\common\wmul.c
		___wmul        		CODE           	045B	0000	30

C:\Program Files (x86)\Microchip\xc8\v1.30\sources\common\wmul.c estimated size: 30

shared
		__initializatio		CODE           	007A	0000	9
		i1_ADC_Initiali		CODE           	04ED	0000	15

shared estimated size: 24

AN1779_Source_Code_main.c
		_Comp_Initializ		CODE           	050A	0000	10
		_PWM_Calculatio		CODE           	02AB	0000	91
		_DesiredSpeed_C		CODE           	0479	0000	28
		_CCP_Initializa		CODE           	04FC	0000	14
		_CWG_Initializa		CODE           	04BC	0000	18
		_main          		CODE           	034B	0000	68
		_Int_          		CODE           	0004	0000	117
		_Pin_Manager   		CODE           	04AA	0000	18
		_TMR1_Reload   		CODE           	0527	0000	6
		_PI_Calculation		CODE           	0138	0000	139
		_DAC_Initializa		CODE           	0521	0000	6
		_ADC_Initializa		CODE           	04CE	0000	16
		_FVR_Initializa		CODE           	0514	0000	7
		_Int_Initializa		CODE           	052D	0000	5
		_Check_Overcurr		CODE           	03F5	0000	35
		_Get_ActualSpee		CODE           	038F	0000	63
		_SMT_Initializa		CODE           	0418	0000	34
		_TMR1_Initializ		CODE           	04DE	0000	15

AN1779_Source_Code_main.c estimated size: 690

C:\Program Files (x86)\Microchip\xc8\v1.30\sources\common\ltdiv.c
		___ltdiv       		CODE           	0306	0000	69

C:\Program Files (x86)\Microchip\xc8\v1.30\sources\common\ltdiv.c estimated size: 69

C:\Program Files (x86)\Microchip\xc8\v1.30\sources\common\ftmul.c
		___ftmul       		CODE           	0085	0000	179

C:\Program Files (x86)\Microchip\xc8\v1.30\sources\common\ftmul.c estimated size: 179

C:\Program Files (x86)\Microchip\xc8\v1.30\sources\common\fttol.c
		___fttol       		CODE           	01C3	0000	135

C:\Program Files (x86)\Microchip\xc8\v1.30\sources\common\fttol.c estimated size: 135

C:\Program Files (x86)\Microchip\xc8\v1.30\sources\common\awtoft.c
		___awtoft      		CODE           	043A	0000	33

C:\Program Files (x86)\Microchip\xc8\v1.30\sources\common\awtoft.c estimated size: 33

C:\Program Files (x86)\Microchip\xc8\v1.30\sources\common\tmul.c
		___tmul        		CODE           	03CE	0000	39

C:\Program Files (x86)\Microchip\xc8\v1.30\sources\common\tmul.c estimated size: 39

C:\Program Files (x86)\Microchip\xc8\v1.30\sources\common\lttoft.c
		___lttoft      		CODE           	0495	0000	21

C:\Program Files (x86)\Microchip\xc8\v1.30\sources\common\lttoft.c estimated size: 21

